RAM Allocation [bytes]
Variable                                                                          Address   Size
------------------------------------------------------------------------------------------------

EEPROM Allocation [bytes]
Variable                                                                          Address   Size
------------------------------------------------------------------------------------------------

Register Allocation
Variable                                                                          Register  Size
------------------------------------------------------------------------------------------------
Uchar_Sample_count                                                                R4           1
Uchar_Timer_count                                                                 R3           1
Bit_AdcSample_full                                                                GPIOR0.0  1bit
Bit_TimerOverflow                                                                 GPIOR0.1  1bit
Bit_warning                                                                       GPIOR0.2  1bit

FLASH Allocation [words]
Function                                                                          Address   Size
------------------------------------------------------------------------------------------------
timer1_ovf_isr                                                                    0x0002C     26
read_adc                                                                          0x00046     15
Read_value_current                                                                0x00055     66
Control_ProtectPower                                                              0x00097      6
main                                                                              0x0009D     50
